// Jest Snapshot v1, https://goo.gl/fbAQLP

exports[`Компонент WeatherDailyItem Успешный рендер компонента WeatherDailyItem 1`] = `
<li
  className="w-[100px] md:w-[150px]"
>
  <div
    className=""
  >
    <div
      className=""
    >
      <p
        className="text-[12px] md:text-[24px] font-bold text-left"
      >
        ср
      </p>
      <p
        className="text-[12px] md:text-[24px] text-left"
      >
        4 дек
      </p>
    </div>
    <div>
      <img
        alt="пасмурно"
        className="relative right-4 h-[50px] md:h-[90px] w-[60px] md:w-[90px]"
        src="https://openweathermap.org/img/wn/10d@2x.png"
      />
    </div>
    <div
      className="pb-[15px]"
    >
      <div
        className="w-7 flex"
      >
        <p
          className="font-bold text-[12px] md:text-[24px]"
        >
          3
        </p>
        <img
          alt="#"
          className="w-[10px] md:w-[18px] h-[20px] md:h-[26px] relative top-[1px] md:top-[6px]"
          src="./img/circle.png"
        />
      </div>
      <div
        className="w-7 flex"
      >
        <p
          className="text-slate-500 text-[10px] md:text-[20px]"
        >
          -1
        </p>
        <img
          alt="#"
          className="w-[8px] md:w-[16px] h-[16px] md:h-[22px] opacity-25 relative md:top-[3px]"
          src="./img/circle.png"
        />
      </div>
    </div>
    <p
      className="text-[9px] md:text-[18px] text-left"
    >
      пасмурно
    </p>
  </div>
</li>
`;
